1.git add 文件名    
  git commit -m 'my first commit'   添加文件，设置为跟踪状态

2.git status 查看当前状态

3.git rm 文件名
  git commit -m 'remove file' 删除被跟踪的文件

4.git checkout -- 文件名 找回已经被删除的文件

5.git reset HEAD 文件名  将已经添加到缓存区的文件改成修改状态

6.如果文件已经被commit了，如何撤销

一种情况是，你提交了之后发现还漏了几个地方没有改，或者提交的文件中有些小错误，想要撤销回来重新提交。那么你可以用 git commit --amend 来重新提交。


做完修改、暂存之后，运行

git commit --amend

会开启文本编辑器让你修改上次的提交注释，或者通过 -m 参数直接指定。保存退出后，这一次的改动就会被直接加上上一次的提交里，不会产生新的 commit。

你也许觉得，直接再提交一次不就好了。但难免有时候不想因为笔误产生过多提交。再说，程序员调试代码的时候总会有些恶趣味，诸如 print 'believe spring brother' 之类的调试语句，如果最后忘了删干净就提交了，肯定不想再做一次提交去删除。还是直接神不知鬼不觉地清理掉比较好。

还有另一种情况，就是整个上一次的提交你都不想要了，希望回退到上一个提交状态。这时候就需要用到版本回退了。

7.版本回退
我们先在工作目录中运行 git log 命令，看看到目前为止的提交记录：

commit 81e34d1d269b13bb23619d828495119492eabc5a
Author: Crossin 
Date:   Thu Nov 28 17:27:34 2013 +0800

    remove file

commit 1edcbf15f45359768b3fa9cd99ddddde792912fe
Author: Crossin 
Date:   Thu Nov 28 15:16:37 2013 +0800

    add file to be deleted

commit 15547cb5e6bb661a4b9934c1ea55fe0aeceb0682
Author: Crossin 
Date:   Tue Nov 26 14:39:06 2013 +0800

    test file status

commit c1310cffd37c4b7fe765986035e54a3c27c2887f
Author: Crossin 
Date:   Tue Nov 26 14:11:46 2013 +0800

    init readme

也许你的提交历史和我不一样，这没关系。

还记得我们前面课里说过的 HEAD，它指向的是最新的提交。而上一次的提交就是 HEAD^，上上次是 HEAD^^，也可以写成 HEAD~2，以此类推。之前30次版本就是 HEAD~30，或者你愿意也可以打30个^。

要回退上一个版本，只要：

git reset --hard HEAD^

--hard 表示放弃所有的本地改动，其他的可选模式我们先不管。

输出提示：
HEAD is now at 1edcbf1 add file to be deleted

HEAD 已经被移动回“add file to be deleted”这个版本。

如果想要移动到某个指定的提交，也可以直接使用提交id，就是 git log 里，commit 后面的一串字符（你的版本中的提交 id 和我是不一样的）。

git reset --hard 15547

id 不用输全，前几位就够，git 会自动去找匹配的提交。然后就可以看到：

HEAD is now at 15547cb test file status


顺便说一下，你可以使用 git 里自带的图形化客户端 gitk 来查看和管理版本变动。在命令行里输入 gitk，mac 上是 gitx，就可以打开（如果不幸没有打开，可能你需要另行安装以下）。

回退前：

回退后：

注意，当用 git reset --hard 回退版本后，所有的本地未提交改动将被舍弃，而被回退掉的版本也不再出现在记录里（虽然还是可以被找回来）。所以在使用此操作时请慎重考虑。

8.远程仓库

通过 git remote 命令可以查看当期有哪些远程仓库。

还记得我最开始安装成功后从 GitHub 上 clone 下的那个项目吗？在它的工作目录中输入：

git remote

你会看到显示：

origin

这就是这个项目的远程仓库。

加上 -v 可以看到更详细的信息：

origin	git@github.com:crossin/CrossinClass.git (fetch)
origin	git@github.com:crossin/CrossinClass.git (push)

克隆的源地址也被显示出来。

当你是从远程仓库 clone 一个仓库到本地时，会自动将此地址加到你的远程仓库列表中，并命名为 origin。

而如果是一个在本地 git init 创建的仓库，刚开始时 git remote 是看不到任何信息的，因为它没有添加任何远程仓库。

想要添加一个远程仓库，可以用命令：

git remote add [shortname] [url]

比如：

git remote add myremote git@github.com:crossin/CrossinClass.git

这样，在这个项目中就能 myremote 这个名字来引用添加的远程仓库。

运行一下 git remote，看看是不是已经出现在了列表中。

但此时此刻，你的工作目录下的文件并没有发生任何变化。只是相当于，你拿到了一个箱子的钥匙，而箱子里的东西还原封未动。对于远程仓库的操作，后面还有很多等待我们去折腾的。

现在可以去 GitHub 注册个号，然后建一个自己的项目，clone 到本地。因为别人的项目是没有权限进行写操作的。接下来我们很快就会用到它。

假如你要删除某个仓库，就使用 git remote rm 命令：

git remote rm myremote

就可以把 myremote 这个远程仓库从列表中清除了。

9.抓取/推送数据
当添加了远程仓库之后，肯定不能只在列表中看到个名字就完事了。我们要通过远程仓库来存放数据。

抓取数据的命令是：

git fetch [remote-name]

比如对于我们上次添加的 myremote 远程仓库，就是：

git fetch myremote

不过执行完此命令，你仍然看不到工作目录下的文件有任何变化。这是因为 git fetch 只是把远程的数据抓取到本地，而不会把改动合并到当前的分支上。

如果你是直接从远程仓库 clone 了本地的仓库，那么你可以直接执行命令：

git pull

这样会把远程仓库抓取到本地，再将远端的 master 分支合并到本地的 master 分支上。所以当你之前 clone 下了代码，而其他开发者又更新了远端的代码后，可以通过 git pull 将本地更新到最新的版本。

有关于分支的具体细节，留待后续课程中细说。


当你在本地做了改动，并且 commit 了你的改动之后，需要将本地的数据更新到远程仓库中时，就需要用到命令：

git push [remote-name] [branch-name]

假设是要推送到默认的 origin 仓库中的 master 分支，那就运行：

git push origin master

注意，这要求你有对远程服务器上的写权限。另外，如果别人在你之前对远程仓库中提交了新的更新，你的推送就会被驳回。这时你需要先抓取他们的更新，合并到本地，再重新推送。

10.关于Git
git log -p FILE

查看README.md的修改历史，例如：
> git log -p README.md

git log -S’PATTERN’

例如，搜索修改符合stupid的历史：
> git log -S'stupid'

git add -p

交互式的保存和取消保存变化，使用：
> git add -p

git rm Ccached FILE

这个命令只删除远程文件，例如：
> git rm --cached database.yml
删除database.yml被保存的记录，但是不影响本地文件。这对删除已经推送过的忽略文件记录而且不影响本地文件是非常的方便的。

git log ..BRANCH

这个命令返回某个非HEAD分支的提交记录。假如你在一个功能分支，输入：
> git log ..master
返回全部master分支的历史记录，包括未被合并到当前分支的提交记录。

git branch Cmerged & git branch Cno-merged

这个命令返回已合并分支列表或未合并的分支列表。这个命令对合并前检查非常有用。例如，在一个功能分支，输入
> git branch --no-merged
返回未合并到该分支的分支列表。

git branch Ccontains SHA

返回包含某个指定sha的分支列表。例如：
> git branch --contains 2f8e2b
显示全部包含提交2f832b的分支。这个命令对于验证git cherry-pick完成非常有帮助。

git status -s

返回一个简单版的git status。我设置这个命令为默认git status来减少噪音。

git reflog

显示你在本地已完成的操作列表。

git shortlog -sn

显示提交记录的参与者列表。和GitHub的参与者列表相同。

